вариантов 768, решаемых с 1 выигрышем 24
#1 score 14.9 objs 1 start 2  ходов 23 n=11034 скр 33% обез 0.00% глуб 14 прог 9 соб 3 кратч 1/1 вых 1 ловушек-шагов 4  53555555444445555646242
   ##########
   ####.#####
   #........#
   #.##.#...#
   #........#
   #####.####
   #####.####
   #####.####
   ##########
#2 score 14.6 objs 1 start 2  ходов 23 n=9238 скр 33% обез 0.00% глуб 14 прог 9 соб 3 кратч 1/1 вых 1 ловушек-шагов 4  53555555444445555646242
   ##########
   ####.#####
   #.......##
   #.##.#...#
   #........#
   #####.####
   #####.####
   #####.####
   ##########
#3 score 14.4 objs 1 start 1  ходов 22 n=11034 скр 33% обез 0.00% глуб 14 прог 8 соб 3 кратч 1/1 вых 1 ловушек-шагов 3  3555555444445555646242
   ##########
   ####.#####
   #........#
   #.##.#...#
   #........#
   #####.####
   #####.####
   #####.####
   ##########
#4 score 14.4 objs 1 start 2  ходов 23 n=7294 скр 33% обез 0.00% глуб 14 прог 9 соб 3 кратч 1/1 вых 1 ловушек-шагов 4  43555555444445555646242
   ##########
   ####.#####
   #........#
   #.##.#...#
   #.......##
   #####.####
   #####.####
   #####.####
   ##########
#5 score 14.3 objs 1 start 2  ходов 23 n=8102 скр 33% обез 0.01% глуб 14 прог 9 соб 3 кратч 1/1 вых 1 ловушек-шагов 4  53555555444445555646242
   ##########
   ####.#####
   #........#
   #.##.#..##
   #........#
   #####.####
   #####.####
   #####.####
   ##########
#6 score 14.1 objs 1 start 1  ходов 22 n=9238 скр 33% обез 0.01% глуб 14 прог 8 соб 3 кратч 1/1 вых 1 ловушек-шагов 3  3555555444445555646242
   ##########
   ####.#####
   #.......##
   #.##.#...#
   #........#
   #####.####
   #####.####
   #####.####
   ##########
#7 score 14.1 objs 1 start 2  ходов 23 n=7302 скр 33% обез 0.01% глуб 14 прог 9 соб 3 кратч 1/1 вых 1 ловушек-шагов 4  53555555444445555646242
   ##########
   ####.#####
   #.......##
   #.##.#..##
   #........#
   #####.####
   #####.####
   #####.####
   ##########
#8 score 14.0 objs 1 start 1  ходов 22 n=7294 скр 33% обез 0.01% глуб 14 прог 8 соб 3 кратч 1/1 вых 1 ловушек-шагов 3  3555555444445555646242
   ##########
   ####.#####
   #........#
   #.##.#...#
   #.......##
   #####.####
   #####.####
   #####.####
   ##########
#9 score 14.0 objs 1 start 2  ходов 23 n=5898 скр 33% обез 0.01% глуб 14 прог 9 соб 3 кратч 1/1 вых 1 ловушек-шагов 4  43555555444445555646242
   ##########
   ####.#####
   #.......##
   #.##.#...#
   #.......##
   #####.####
   #####.####
   #####.####
   ##########
#10 score 13.9 objs 1 start 1  ходов 22 n=8102 скр 33% обез 0.01% глуб 14 прог 8 соб 3 кратч 1/1 вых 1 ловушек-шагов 3  3555555444445555646242
   ##########
   ####.#####
   #........#
   #.##.#..##
   #........#
   #####.####
   #####.####
   #####.####
   ##########
#11 score 13.8 objs 1 start 2  ходов 23 n=5804 скр 33% обез 0.01% глуб 14 прог 9 соб 3 кратч 1/1 вых 1 ловушек-шагов 4  43555555444445555646242
   ##########
   ####.#####
   #........#
   #.##.#..##
   #.......##
   #####.####
   #####.####
   #####.####
   ##########
#12 score 13.6 objs 1 start 1  ходов 22 n=7302 скр 33% обез 0.01% глуб 14 прог 8 соб 3 кратч 1/1 вых 1 ловушек-шагов 3  3555555444445555646242
   ##########
   ####.#####
   #.......##
   #.##.#..##
   #........#
   #####.####
   #####.####
   #####.####
   ##########
