вариантов 6144, решаемых с 1 выигрышем 192
#1 score 13.1 objs 1 start 1  ходов 22 n=2912 скр 39% обез 0.02% глуб 18 прог 8 соб 3 кратч 1/1 вых 1 ловушек-шагов 3  3554555444445554646242
   ###########
   ####.######
   #.........#
   #.##.#.#.##
   #.......#.#
   #####.#####
   #####.#####
   #####.#####
   ###########
#2 score 13.1 objs 1 start 1  ходов 22 n=2912 скр 39% обез 0.02% глуб 18 прог 8 соб 3 кратч 1/1 вых 1 ловушек-шагов 3  3554555444445554646242
   ###########
   ####.######
   #.........#
   #.##.#.#.##
   #.......###
   #####.#####
   #####.#####
   #####.#####
   ###########
#3 score 13.0 objs 1 start 1  ходов 22 n=2760 скр 39% обез 0.02% глуб 18 прог 8 соб 3 кратч 1/1 вых 1 ловушек-шагов 3  3554555444445554646242
   ###########
   ####.######
   #.........#
   #.##.#.####
   #.......###
   #####.#####
   #####.#####
   #####.#####
   ###########
#4 score 13.0 objs 1 start 1  ходов 22 n=2760 скр 39% обез 0.02% глуб 18 прог 8 соб 3 кратч 1/1 вых 1 ловушек-шагов 3  3554555444445554646242
   ###########
   ####.######
   #........##
   #.##.#.#.##
   #.......#.#
   #####.#####
   #####.#####
   #####.#####
   ###########
#5 score 13.0 objs 1 start 1  ходов 22 n=2760 скр 39% обез 0.02% глуб 18 прог 8 соб 3 кратч 1/1 вых 1 ловушек-шагов 3  3554555444445554646242
   ###########
   ####.######
   #........##
   #.##.#.#.##
   #.......###
   #####.#####
   #####.#####
   #####.#####
   ###########
#6 score 13.0 objs 1 start 1  ходов 22 n=2760 скр 39% обез 0.02% глуб 18 прог 8 соб 3 кратч 1/1 вых 1 ловушек-шагов 3  3554555444445554646242
   ###########
   ####.######
   #.........#
   #.##.#.####
   #.......#.#
   #####.#####
   #####.#####
   #####.#####
   ###########
#7 score 11.4 objs 1 start 3  ходов 22 n=2912 скр 39% обез 0.02% глуб 17 прог 8 соб 3 кратч 1/1 вых 1 ловушек-шагов 1  5554555444445554646242
   ###########
   ####.######
   #.........#
   #.##.#.#.##
   #.......###
   #####.#####
   #####.#####
   #####.#####
   ###########
#8 score 11.4 objs 1 start 3  ходов 22 n=2912 скр 39% обез 0.02% глуб 17 прог 8 соб 3 кратч 1/1 вых 1 ловушек-шагов 1  5554555444445554646242
   ###########
   ####.######
   #.........#
   #.##.#.#.##
   #.......#.#
   #####.#####
   #####.#####
   #####.#####
   ###########
#9 score 12.9 objs 1 start 1  ходов 22 n=2608 скр 39% обез 0.02% глуб 18 прог 8 соб 3 кратч 1/1 вых 1 ловушек-шагов 3  3554555444445554646242
   ###########
   ####.######
   #........##
   #.##.#.####
   #.......#.#
   #####.#####
   #####.#####
   #####.#####
   ###########
#10 score 12.9 objs 1 start 1  ходов 22 n=2608 скр 39% обез 0.02% глуб 18 прог 8 соб 3 кратч 1/1 вых 1 ловушек-шагов 3  3554555444445554646242
   ###########
   ####.######
   #........##
   #.##.#.####
   #.......###
   #####.#####
   #####.#####
   #####.#####
   ###########
#11 score 11.2 objs 1 start 3  ходов 22 n=2760 скр 39% обез 0.02% глуб 17 прог 8 соб 3 кратч 1/1 вых 1 ловушек-шагов 1  5554555444445554646242
   ###########
   ####.######
   #.........#
   #.##.#.####
   #.......###
   #####.#####
   #####.#####
   #####.#####
   ###########
#12 score 11.2 objs 1 start 3  ходов 22 n=2760 скр 39% обез 0.02% глуб 17 прог 8 соб 3 кратч 1/1 вых 1 ловушек-шагов 1  5554555444445554646242
   ###########
   ####.######
   #........##
   #.##.#.#.##
   #.......###
   #####.#####
   #####.#####
   #####.#####
   ###########
#13 score 11.2 objs 1 start 3  ходов 22 n=2760 скр 39% обез 0.02% глуб 17 прог 8 соб 3 кратч 1/1 вых 1 ловушек-шагов 1  5554555444445554646242
   ###########
   ####.######
   #.........#
   #.##.#.####
   #.......#.#
   #####.#####
   #####.#####
   #####.#####
   ###########
#14 score 11.2 objs 1 start 3  ходов 22 n=2760 скр 39% обез 0.02% глуб 17 прог 8 соб 3 кратч 1/1 вых 1 ловушек-шагов 1  5554555444445554646242
   ###########
   ####.######
   #........##
   #.##.#.#.##
   #.......#.#
   #####.#####
   #####.#####
   #####.#####
   ###########
#15 score 6.8 objs 1 start 2  ходов 21 n=2912 скр 39% обез 0.07% глуб 0 прог 7 соб 3 кратч 1/1 вых 1 ловушек-шагов 0  354555444445554646242
   ###########
   ####.######
   #.........#
   #.##.#.#.##
   #.......###
   #####.#####
   #####.#####
   #####.#####
   ###########
#16 score 6.8 objs 1 start 2  ходов 21 n=2912 скр 39% обез 0.07% глуб 0 прог 7 соб 3 кратч 1/1 вых 1 ловушек-шагов 0  354555444445554646242
   ###########
   ####.######
   #.........#
   #.##.#.#.##
   #.......#.#
   #####.#####
   #####.#####
   #####.#####
   ###########
#17 score 11.0 objs 1 start 3  ходов 22 n=2608 скр 39% обез 0.03% глуб 17 прог 8 соб 3 кратч 1/1 вых 1 ловушек-шагов 1  5554555444445554646242
   ###########
   ####.######
   #........##
   #.##.#.####
   #.......#.#
   #####.#####
   #####.#####
   #####.#####
   ###########
#18 score 11.0 objs 1 start 3  ходов 22 n=2608 скр 39% обез 0.03% глуб 17 прог 8 соб 3 кратч 1/1 вых 1 ловушек-шагов 1  5554555444445554646242
   ###########
   ####.######
   #........##
   #.##.#.####
   #.......###
   #####.#####
   #####.#####
   #####.#####
   ###########
#19 score 6.7 objs 1 start 2  ходов 21 n=2760 скр 39% обез 0.07% глуб 0 прог 7 соб 3 кратч 1/1 вых 1 ловушек-шагов 0  354555444445554646242
   ###########
   ####.######
   #.........#
   #.##.#.####
   #.......#.#
   #####.#####
   #####.#####
   #####.#####
   ###########
#20 score 6.7 objs 1 start 2  ходов 21 n=2760 скр 39% обез 0.07% глуб 0 прог 7 соб 3 кратч 1/1 вых 1 ловушек-шагов 0  354555444445554646242
   ###########
   ####.######
   #.........#
   #.##.#.####
   #.......###
   #####.#####
   #####.#####
   #####.#####
   ###########
#21 score 6.7 objs 1 start 2  ходов 21 n=2760 скр 39% обез 0.07% глуб 0 прог 7 соб 3 кратч 1/1 вых 1 ловушек-шагов 0  354555444445554646242
   ###########
   ####.######
   #........##
   #.##.#.#.##
   #.......###
   #####.#####
   #####.#####
   #####.#####
   ###########
#22 score 6.7 objs 1 start 2  ходов 21 n=2760 скр 39% обез 0.07% глуб 0 прог 7 соб 3 кратч 1/1 вых 1 ловушек-шагов 0  354555444445554646242
   ###########
   ####.######
   #........##
   #.##.#.#.##
   #.......#.#
   #####.#####
   #####.#####
   #####.#####
   ###########
#23 score 6.6 objs 1 start 2  ходов 21 n=2608 скр 39% обез 0.07% глуб 0 прог 7 соб 3 кратч 1/1 вых 1 ловушек-шагов 0  354555444445554646242
   ###########
   ####.######
   #........##
   #.##.#.####
   #.......#.#
   #####.#####
   #####.#####
   #####.#####
   ###########
#24 score 6.6 objs 1 start 2  ходов 21 n=2608 скр 39% обез 0.07% глуб 0 прог 7 соб 3 кратч 1/1 вых 1 ловушек-шагов 0  354555444445554646242
   ###########
   ####.######
   #........##
   #.##.#.####
   #.......###
   #####.#####
   #####.#####
   #####.#####
   ###########
#25 score 12.5 objs 1 start 1  ходов 22 n=2424 скр 38% обез 0.03% глуб 16 прог 8 соб 3 кратч 1/1 вых 1 ловушек-шагов 3  3554555444445554646242
   ###########
   ####.######
   #.......###
   #.##.#.#.##
   #.......#.#
   #####.#####
   #####.#####
   #####.#####
   ###########
