POCKET 3
POCKET=3 ходов 20 | состояний 41432 | живых 4430 видимых 20222 скрытых 16780 | СКРЫТЫХ 79.1 % | обезьяна 0.025 % | глубина 19 [2:19 5:16]
знаток: скрытых 78.5 % | обезьяна 0.025 % | глубина 19 [2:19 5:16]
  P  пара свинчена (свободна)           1136 ( 6.8 %) | если видимо: скрытых 77.9 %, обезьяна 0.025 %, глубина 19 [2:19 5:16]
  A  ниппель свободен у входа (8,6), муфта не на стояке   2536 (15.1 %) | если видимо: скрытых 76.3 %, обезьяна 0.055 %, глубина 0 []
  L  ниппель свободен на полу левее машинки (x<=6, y=6)  13108 (78.1 %) | если видимо: скрытых 45.3 %, обезьяна 0.026 %, глубина 19 [2:19 5:16]
  видимы L     : скрытых 45.3 % (скрытых 3672, живых 4430), обезьяна 0.026 %, глубина 19 [2:19 5:16]
  видимы L+A   : скрытых 20.4 % (скрытых 1136, живых 4430), обезьяна 0.056 %, глубина 0 []
  видимы L+P   : скрытых 36.4 % (скрытых 2536, живых 4430), обезьяна 0.026 %, глубина 19 [2:19 5:16]
POCKET 4
POCKET=4 ходов 20 | состояний 41432 | живых 4430 видимых 20832 скрытых 16170 | СКРЫТЫХ 78.5 % | обезьяна 0.025 % | глубина 19 [2:19 5:16]
знаток: скрытых 78.2 % | обезьяна 0.025 % | глубина 19 [2:19 5:16]
  P  пара свинчена (свободна)            526 ( 3.3 %) | если видимо: скрытых 77.9 %, обезьяна 0.025 %, глубина 19 [2:19 5:16]
  A  ниппель свободен у входа (8,6), муфта не на стояке   2536 (15.7 %) | если видимо: скрытых 75.5 %, обезьяна 0.055 %, глубина 0 []
  L  ниппель свободен на полу левее машинки (x<=6, y=6)  13108 (81.1 %) | если видимо: скрытых 40.9 %, обезьяна 0.026 %, глубина 19 [2:19 5:16]
  видимы L     : скрытых 40.9 % (скрытых 3062, живых 4430), обезьяна 0.026 %, глубина 19 [2:19 5:16]
  видимы L+A   : скрытых 10.6 % (скрытых 526, живых 4430), обезьяна 0.056 %, глубина 0 []
  видимы L+P   : скрытых 36.4 % (скрытых 2536, живых 4430), обезьяна 0.026 %, глубина 19 [2:19 5:16]
POCKET 5
POCKET=5 ходов 20 | состояний 41432 | живых 4430 видимых 23561 скрытых 13441 | СКРЫТЫХ 75.2 % | обезьяна 0.025 % | глубина 19 [2:19 5:16]
знаток: скрытых 75.2 % | обезьяна 0.025 % | глубина 19 [2:19 5:16]
  P  пара свинчена (свободна)              0 ( 0.0 %) | если видимо: скрытых 75.2 %, обезьяна 0.025 %, глубина 19 [2:19 5:16]
  A  ниппель свободен у входа (8,6), муфта не на стояке   2536 (18.9 %) | если видимо: скрытых 71.1 %, обезьяна 0.056 %, глубина 0 []
  L  ниппель свободен на полу левее машинки (x<=6, y=6)  10905 (81.1 %) | если видимо: скрытых 36.4 %, обезьяна 0.026 %, глубина 19 [2:19 5:16]
  видимы L     : скрытых 36.4 % (скрытых 2536, живых 4430), обезьяна 0.026 %, глубина 19 [2:19 5:16]
  видимы L+A   : скрытых 0.0 % (скрытых 0, живых 4430), обезьяна 0.056 %, глубина 0 []
  видимы L+P   : скрытых 36.4 % (скрытых 2536, живых 4430), обезьяна 0.026 %, глубина 19 [2:19 5:16]
POCKET 6
POCKET=6 ходов 20 | состояний 41432 | живых 4430 видимых 34466 скрытых 2536 | СКРЫТЫХ 36.4 % | обезьяна 0.026 % | глубина 19 [2:19 5:16]
знаток: скрытых 36.4 % | обезьяна 0.026 % | глубина 19 [2:19 5:16]
  P  пара свинчена (свободна)              0 ( 0.0 %) | если видимо: скрытых 36.4 %, обезьяна 0.026 %, глубина 19 [2:19 5:16]
  A  ниппель свободен у входа (8,6), муфта не на стояке   2536 (100.0 %) | если видимо: скрытых 0.0 %, обезьяна 0.056 %, глубина 0 []
  L  ниппель свободен на полу левее машинки (x<=6, y=6)      0 ( 0.0 %) | если видимо: скрытых 36.4 %, обезьяна 0.026 %, глубина 19 [2:19 5:16]
  видимы L     : скрытых 36.4 % (скрытых 2536, живых 4430), обезьяна 0.026 %, глубина 19 [2:19 5:16]
  видимы L+A   : скрытых 0.0 % (скрытых 0, живых 4430), обезьяна 0.056 %, глубина 0 []
  видимы L+P   : скрытых 36.4 % (скрытых 2536, живых 4430), обезьяна 0.026 %, глубина 19 [2:19 5:16]
