== seed 23 база build/l3d/s5.lua: ходов 30 n=6022 win=1 | скрытых 27.2% обез 0.001 глуб 12 [0:12] | прогулки 4,5,0,4,2,0,9 | двери 0:1 (1/0) | карман5 0.7%
[63] s=14.7 ходов 30 n=8975 win=1 | скрытых 28.2% обез 0.000 глуб 12 [0:12] | прогулки 4,5,0,4,2,0,9 | двери 0:1 (1/0) | карман5 9.7% двери5  (0/0)
    ###########   ###########
    #####.....#   #####.....#
    ######.##.#   ######.##.#
    ##...#.#..#   ##...#.##.#
    ##.#...##.#   ##.#...####
    #......####   #......####
    ###.......#   ###.......#
    #####~#####   #####~#####
[75] s=14.8 ходов 30 n=9214 win=1 | скрытых 28.4% обез 0.000 глуб 11 [0:11] | прогулки 4,5,0,4,2,0,9 | двери 0:1 (1/0) | карман5 9.8% двери5  (0/0)
    ###########   ###########
    #####.....#   #####.....#
    #.####.##.#   ######.##.#
    ##...#.#..#   ##...#.##.#
    ##.#...####   ##.#...####
    #......#.##   #......#.##
    ###.......#   ###.......#
    #####~#####   #####~#####
[82] s=15.3 ходов 30 n=9490 win=1 | скрытых 28.9% обез 0.000 глуб 12 [0:12] | прогулки 4,5,0,4,2,0,9 | двери 0:1 (1/0) | карман5 10.3% двери5  (0/0)
    ###########   ###########
    #####.....#   #####.....#
    #.####.##.#   ######.##.#
    ##...#.#..#   ##...#.#..#
    ##.#...#.##   ##.#...#.##
    #......#.##   #......#.##
    ###.......#   ###.......#
    #####~#####   #####~#####
[83] s=16.2 ходов 30 n=10028 win=1 | скрытых 29.8% обез 0.000 глуб 11 [0:11] | прогулки 4,5,0,4,2,0,9 | двери 0:1 (1/0) | карман5 11.2% двери5  (0/0)
    ###########   ###########
    #####.....#   #####.....#
    #.####.##.#   ######.##.#
    ##...#.##.#   ##...#.##.#
    ##.#...#.##   ##.#...#.##
    #......#..#   #......#..#
    ###.......#   ###.......#
    #####~#####   #####~#####
[89] s=17.4 ходов 30 n=10662 win=1 | скрытых 30.9% обез 0.000 глуб 12 [0:12] | прогулки 4,5,0,4,2,0,9 | двери 0:1 (1/0) | карман5 12.4% двери5  (0/0)
    ###########   ###########
    ####......#   #####.....#
    #.####.##.#   ######.##.#
    ##...#.##.#   ##...#.##.#
    ##.#...#..#   ##.#...#..#
    #......#..#   #......#..#
    ###.......#   ###.......#
    #####~#####   #####~#####
[144] s=17.7 ходов 30 n=10864 win=1 | скрытых 31.3% обез 0.000 глуб 12 [0:12] | прогулки 4,5,0,4,2,0,9 | двери 0:1 (1/0) | карман5 12.7% двери5  (0/0)
    ###########   ###########
    ##.#......#   #####.....#
    #.####.##.#   ######.##.#
    ##...#.#..#   ##...#.#..#
    ##.#...#..#   ##.#...#..#
    #......#..#   #......#..#
    ###.......#   ###.......#
    #####~#####   #####~#####
[200] s=18.0 ходов 30 n=11006 win=1 | скрытых 30.8% обез 0.000 глуб 12 [0:12] | прогулки 4,5,0,4,2,0,9 | двери 0:1 (1/0) | карман5 13.0% двери5  (0/0)
    ###########   ###########
    #.##......#   ####......#
    #.##.#.##.#   ####.#.##.#
    ##...#.##.#   ##...#.##.#
    ##.#...#..#   ##.#...#..#
    #......#..#   #......#..#
    ###.......#   ###.......#
    #####~#####   #####~#####
[228] s=18.3 ходов 30 n=11208 win=1 | скрытых 31.1% обез 0.000 глуб 12 [0:12] | прогулки 4,5,0,4,2,0,9 | двери 0:1 (1/0) | карман5 13.3% двери5  (0/0)
    ###########   ###########
    #.##......#   ####......#
    #.##.#.##.#   ####.#.##.#
    ##...#.#..#   ##...#.#..#
    ##.#...#..#   ##.#...#..#
    #......#..#   #......#..#
    ###.......#   ###.......#
    #####~#####   #####~#####
[250] s=18.3 ходов 30 n=11111 win=1 | скрытых 31.3% обез 0.000 глуб 12 [0:12] | прогулки 4,5,0,4,2,0,9 | двери 0:1 (1/0) | карман5 13.3% двери5  (0/0)
    ###########   ###########
    #.###.....#   #####.....#
    #.##.#.##.#   ####.#.##.#
    ##...#.#..#   ##...#.#..#
    ##.#...#..#   ##.#...#..#
    #......#..#   #......#..#
    ###.......#   ###.......#
    #####~#####   #####~#####
