== seed 22 база build/l3d/s5.lua: ходов 30 n=6022 win=1 | скрытых 27.2% обез 0.001 глуб 12 [0:12] | прогулки 4,5,0,4,2,0,9 | двери 0:1 (1/0) | карман5 0.7%
[31] s=7.0 ходов 30 n=6246 win=1 | скрытых 28.4% обез 0.001 глуб 13 [0:13] | прогулки 4,5,0,4,2,0,9 | двери 0:1 (1/0) | карман5 2.0% двери5  (0/0)
    ###########   ###########
    #####.....#   #####.....#
    ######.##.#   ######.##.#
    ##...#.##.#   ##...#.##.#
    ##.#.#.##.#   ##.#.#.##.#
    #......##.#   #......##.#
    ###.......#   ###.......#
    #####~#####   #####~#####
[40] s=15.2 ходов 30 n=9241 win=1 | скрытых 28.7% обез 0.000 глуб 13 [0:13] | прогулки 4,5,0,4,2,0,9 | двери 0:1 (1/0) | карман5 10.2% двери5  (0/0)
    ###########   ###########
    #####.....#   #####.....#
    #.####.##.#   ######.##.#
    ##...#.##.#   ##...#.##.#
    ##.#...##.#   ##.#...##.#
    #......##.#   #......##.#
    ###.......#   ###.......#
    #####~#####   #####~#####
[53] s=15.8 ходов 30 n=9783 win=1 | скрытых 28.3% обез 0.000 глуб 13 [0:13] | прогулки 4,5,0,4,2,0,9 | двери 0:1 (1/0) | карман5 10.8% двери5  (0/0)
    ###########   ###########
    ###.......#   ###.......#
    #.##.#.##.#   ####.#.##.#
    ##...#.##.#   ##...#.##.#
    ##.#...##.#   ##.#...##.#
    #......##.#   #......##.#
    ###.......#   ###.......#
    #####~#####   #####~#####
[71] s=16.2 ходов 30 n=6901 win=1 | скрытых 28.4% обез 0.000 глуб 9 [0:9] | прогулки 4,5,0,4,2,0,9 | двери 0:1 (1/0) | карман5 11.2% двери5  (0/0)
    ###########   ###########
    #.#.......#   ###.......#
    ####.#.##.#   ####.#.##.#
    ##...#.##.#   ##...#.##.#
    ##.#...##.#   ##.#...####
    #......##.#   #......####
    ###....#..#   ###....####
    #####~#####   #####~#####
[86] s=16.4 ходов 30 n=6648 win=1 | скрытых 29.1% обез 0.000 глуб 9 [0:9] | прогулки 4,5,0,4,2,0,9 | двери 0:1 (1/0) | карман5 11.4% двери5  (0/0)
    ###########   ###########
    #.#.#.....#   #####.....#
    ####.#.##.#   ####.#.##.#
    ##...#.##.#   ##...#.##.#
    ##.#...##.#   ##.#...####
    #......##.#   #......####
    ###....#..#   ###....####
    #####~#####   #####~#####
[127] s=17.0 ходов 30 n=10275 win=1 | скрытых 29.9% обез 0.000 глуб 12 [0:12] | прогулки 4,5,0,4,2,0,9 | двери 0:1 (1/0) | карман5 12.0% двери5  (0/0)
    ###########   ###########
    #.#.#.....#   #####.....#
    ####.#.##.#   ####.#.##.#
    ##...#.#..#   ##...#.##.#
    ##.#...##.#   ##.#...##.#
    #......#..#   #......#..#
    ###.......#   ###.......#
    #####~#####   #####~#####
[134] s=18.3 ходов 30 n=11111 win=1 | скрытых 31.3% обез 0.000 глуб 12 [0:12] | прогулки 4,5,0,4,2,0,9 | двери 0:1 (1/0) | карман5 13.3% двери5  (0/0)
    ###########   ###########
    #.###.....#   #####.....#
    #.##.#.##.#   ####.#.##.#
    ##...#.#..#   ##...#.#..#
    ##.#...#..#   ##.#...#..#
    #......#..#   #......#..#
    ###.......#   ###.......#
    #####~#####   #####~#####
== конец seed 22
