== seed 21 база build/l3d/s5.lua: ходов 30 n=6022 win=1 | скрытых 27.2% обез 0.001 глуб 12 [0:12] | прогулки 4,5,0,4,2,0,9 | двери 0:1 (1/0) | карман5 0.7%
[36] s=6.3 ходов 30 n=6224 win=1 | скрытых 27.9% обез 0.001 глуб 11 [0:11] | прогулки 4,5,0,4,2,0,9 | двери 0:1 (1/0) | карман5 1.3% двери5  (0/0)
    ###########   ###########
    #.###.....#   #####.....#
    #.####.##.#   ######.##.#
    ##...#.##.#   ##...#.##.#
    ##.#.#.##.#   ##.#.#.####
    #......#.##   #......#.##
    ###.......#   ###.......#
    #####~#####   #####~#####
[46] s=8.0 ходов 30 n=6526 win=1 | скрытых 29.4% обез 0.001 глуб 14 [0:14] | прогулки 4,5,0,4,2,0,9 | двери 0:1 (1/0) | карман5 3.0% двери5  (0/0)
    ###########   ###########
    #..##.....#   #####.....#
    #.####.##.#   ######.##.#
    ##...#.##.#   ##...#.##.#
    ##.#.#.#..#   ##.#.#.#..#
    #......#.##   #......#.##
    ###.......#   ###.......#
    #####~#####   #####~#####
[70] s=15.5 ходов 30 n=9570 win=1 | скрытых 29.1% обез 0.000 глуб 14 [0:14] | прогулки 4,5,0,4,2,0,9 | двери 0:1 (1/0) | карман5 10.5% двери5  (0/0)
    ###########   ###########
    #..##.....#   #####.....#
    #.####.##.#   ######.##.#
    ##...#.##.#   ##...#.##.#
    ##.#...#..#   ##.#...#..#
    #......#.##   #......#.##
    ###.......#   ###.......#
    #####~#####   #####~#####
[99] s=17.4 ходов 30 n=10662 win=1 | скрытых 30.9% обез 0.000 глуб 12 [0:12] | прогулки 4,5,0,4,2,0,9 | двери 0:1 (1/0) | карман5 12.4% двери5  (0/0)
    ###########   ###########
    ##.##.....#   #####.....#
    #.####.##.#   ######.##.#
    ##...#.##.#   ##...#.##.#
    ##.#...#..#   ##.#...#..#
    #......#..#   #......#..#
    ###.......#   ###.......#
    #####~#####   #####~#####
[147] s=18.0 ходов 30 n=10909 win=1 | скрытых 30.9% обез 0.000 глуб 12 [0:12] | прогулки 4,5,0,4,2,0,9 | двери 0:1 (1/0) | карман5 13.0% двери5  (0/0)
    ###########   ###########
    #####.....#   #####.....#
    #.##.#.##.#   ####.#.##.#
    ##...#.##.#   ##...#.##.#
    ##.#...#..#   ##.#...#..#
    #......#..#   #......#..#
    ###.......#   ###.......#
    #####~#####   #####~#####
[198] s=18.3 ходов 30 n=11111 win=1 | скрытых 31.3% обез 0.000 глуб 12 [0:12] | прогулки 4,5,0,4,2,0,9 | двери 0:1 (1/0) | карман5 13.3% двери5  (0/0)
    ###########   ###########
    ###.#.....#   #####.....#
    ####.#.##.#   ####.#.##.#
    ##...#.#..#   ##...#.#..#
    ##.#...#..#   ##.#...#..#
    #......#..#   #......#..#
    ###.......#   ###.......#
    #####~#####   #####~#####
