build/l4e/t16.lua POCKET=4: ходов 23 | состояний 9539 | живых 1948 видимых 6207 скрытых 1384 | СКРЫТЫХ 41.5 % | обезьяна 0.149 % | глубина 18 [9:18]
только общая линейка: скрытых 43.8 % | глубина 18 [9:18]
знаток: скрытых 24.3 % | глубина 13 [9:13]
счёт общей линейки (newbie): frozen 6071, levelRule 136, washed 0
правило: срабатываний / живых / сверх общей линейки;  сужений линейки: 0
  r2a резьба в стену    644      0    136
классы скрытых (всего 1384); колонки: скрытых, % | всего в классе живых/скрытых/видимых | двери: все / с кратчайших / шаги пути check
  EP угольник прикручен к выходу трубы шахты (порт занят)   354  25.6 % |     0/  354/  372 |   0 /  0 / -
  EX угольник прикручен в другом не своём месте     0   0.0 % |     0/    0/  272 |   0 /  0 / -
  NW ниппель пойман машинкой (сито)      403  29.1 % |     0/  403/ 1691 |   8 /  0 / -
  NX ниппель прикручен в другом не своём месте     0   0.0 % |     0/    0/    0 |   0 /  0 / -
  CX муфта прикручена не на стояке         0   0.0 % |     0/    0/    0 |   0 /  0 / -
  PR две детали свинчены в свободную пару     0   0.0 % |     0/    0/ 1017 |   0 /  0 / -
  EF угольник свободен внизу (упал мимо спуска)   386  27.9 % |     0/  386/ 1864 |  12 /  3 / 9
  CD муфта свободна в клетке, где она никогда не жива     0   0.0 % |     0/    0/  337 |   0 /  0 / -
  ND ниппель свободен в клетке, где он никогда не жив     0   0.0 % |     0/    0/  654 |   0 /  0 / -
  ED угольник свободен наверху в клетке, где он никогда не жив   241  17.4 % |     0/  241/    0 |   0 /  0 / -
  OR все детали в «живых» клетках — неверное сочетание/порядок     0   0.0 % |  1948/    0/    0 |   0 /  0 / -
свободный угольник внизу живым бывает в клетках: нигде
разметка → скрытых % | обезьяна | глубина [у пути] | двери с пути check по шагам
  автор (линейка + visibleLoss)       41.5 % (скр 1384, жив 1948) | 0.149 % | 18 [9:18] | путь: 9 | все кратчайшие: 9,10
  + EP видим (порт занят)           34.6 % (скр 1030, жив 1948) | 0.149 % | 13 [9:13] | путь: 9 | все кратчайшие: 9,10
  + EF видим (угольник внизу — нечем поднять)  33.9 % (скр 998, жив 1948) | 0.234 % |  0 [] | путь: нет | все кратчайшие: нет
  + EP + EF                                       24.8 % (скр 644, жив 1948) | 0.234 % |  0 [] | путь: нет | все кратчайшие: нет
  + EP + EF + CD                                  24.8 % (скр 644, жив 1948) | 0.234 % |  0 [] | путь: нет | все кратчайшие: нет
  + EP + EF + PR                                  24.8 % (скр 644, жив 1948) | 0.234 % |  0 [] | путь: нет | все кратчайшие: нет
  + NW видим (для сравнения)     33.5 % (скр 981, жив 1948) | 0.151 % | 18 [9:18] | путь: 9 | все кратчайшие: 9,10
  + OR видим (для сравнения)     41.5 % (скр 1384, жив 1948) | 0.149 % | 18 [9:18] | путь: 9 | все кратчайшие: 9,10

build/l4e/t6w.lua POCKET=4: ходов 36 | состояний 2296 | живых 1286 видимых 840 скрытых 170 | СКРЫТЫХ 11.7 % | обезьяна 0.000 % | глубина 21 [18:21]
только общая линейка: скрытых 11.7 % | глубина 21 [18:21]
знаток: скрытых 0.0 % | глубина 0 []
счёт общей линейки (newbie): frozen 840, levelRule 0, washed 0
правило: срабатываний / живых / сверх общей линейки;  сужений линейки: 0
классы скрытых (всего 170); колонки: скрытых, % | всего в классе живых/скрытых/видимых | двери: все / с кратчайших / шаги пути check
  EP угольник прикручен к выходу трубы шахты (порт занят)   170 100.0 % |     0/  170/    0 |  12 /  1 / 18
  EX угольник прикручен в другом не своём месте     0   0.0 % |     0/    0/    0 |   0 /  0 / -
  NW ниппель пойман машинкой (сито)        0   0.0 % |     0/    0/    0 |   0 /  0 / -
  NX ниппель прикручен в другом не своём месте     0   0.0 % |     0/    0/    0 |   0 /  0 / -
  CX муфта прикручена не на стояке         0   0.0 % |     0/    0/    0 |   0 /  0 / -
  PR две детали свинчены в свободную пару     0   0.0 % |     0/    0/  254 |   0 /  0 / -
  EF угольник свободен внизу (упал мимо спуска)     0   0.0 % |     0/    0/    0 |   0 /  0 / -
  CD муфта свободна в клетке, где она никогда не жива     0   0.0 % |     0/    0/  218 |   0 /  0 / -
  ND ниппель свободен в клетке, где он никогда не жив     0   0.0 % |     0/    0/  368 |   0 /  0 / -
  ED угольник свободен наверху в клетке, где он никогда не жив     0   0.0 % |     0/    0/    0 |   0 /  0 / -
  OR все детали в «живых» клетках — неверное сочетание/порядок     0   0.0 % |  1286/    0/    0 |   0 /  0 / -
свободный угольник внизу живым бывает в клетках: нигде
разметка → скрытых % | обезьяна | глубина [у пути] | двери с пути check по шагам
  автор (линейка + visibleLoss)       11.7 % (скр 170, жив 1286) | 0.000 % | 21 [18:21] | путь: 18 | все кратчайшие: 18
  + EP видим (порт занят)            0.0 % (скр 0, жив 1286) | 0.001 % |  0 [] | путь: нет | все кратчайшие: нет
  + EF видим (угольник внизу — нечем поднять)  11.7 % (скр 170, жив 1286) | 0.000 % | 21 [18:21] | путь: 18 | все кратчайшие: 18
  + EP + EF                                        0.0 % (скр 0, жив 1286) | 0.001 % |  0 [] | путь: нет | все кратчайшие: нет
  + EP + EF + CD                                   0.0 % (скр 0, жив 1286) | 0.001 % |  0 [] | путь: нет | все кратчайшие: нет
  + EP + EF + PR                                   0.0 % (скр 0, жив 1286) | 0.001 % |  0 [] | путь: нет | все кратчайшие: нет
  + NW видим (для сравнения)     11.7 % (скр 170, жив 1286) | 0.000 % | 21 [18:21] | путь: 18 | все кратчайшие: 18
  + OR видим (для сравнения)     11.7 % (скр 170, жив 1286) | 0.000 % | 21 [18:21] | путь: 18 | все кратчайшие: 18

