build/l4e/t16.lua
  исходный                                           ходов 23 | сост  9539 | скрытых 41.5 % | обезьяна 0.149 % | глубина 18 | двери с кратчайших [9,10] EF
  автор: контроль: угольник ставят только после ниппеля ходов 23 | сост  7656 | скрытых 45.5 % | обезьяна 0.034 % | глубина 18 | двери с кратчайших [9] EF
  автор: контроль: муфта с самого начала на стояке ходов 21 | сост  4562 | скрытых 48.0 % | обезьяна 0.239 % | глубина 0 | двери с кратчайших [7,8] EF
  автор: контроль: ниппель не ловится машинкой ходов 23 | сост  7309 | скрытых 33.5 % | обезьяна 0.151 % | глубина 18 | двери с кратчайших [9,10] EF
  автор: контроль: угольник не прикручивается к отводу шахты ходов 23 | сост  8541 | скрытых 25.9 % | обезьяна 0.149 % | глубина 13 | двери с кратчайших [9,10] EF
  свой: угольник нельзя уронить вниз мимо машинки ходов 23 | сост  4488 | скрытых 0.0 % | обезьяна 0.237 % | глубина 0 | двери с кратчайших [] 
  свой: ниппель не ловится машинкой (сито выключено для ниппеля) ходов 23 | сост  7309 | скрытых 33.5 % | обезьяна 0.151 % | глубина 18 | двери с кратчайших [9,10] EF
  свой: без обеих ловушек маршрута ходов 23 | сост  3378 | скрытых 0.0 % | обезьяна 0.237 % | глубина 0 | двери с кратчайших [] 
  свой: угольник не прикручивается к выходу трубы ходов 23 | сост  8813 | скрытых 34.6 % | обезьяна 0.149 % | глубина 13 | двери с кратчайших [9,10] EF
  свой: ошибка порядка в шахте запрещена ходов 23 | сост  9539 | скрытых 41.5 % | обезьяна 0.149 % | глубина 18 | двери с кратчайших [9,10] EF
build/l4e/t6w.lua
  исходный                                           ходов 36 | сост  2296 | скрытых 11.7 % | обезьяна 0.000 % | глубина 21 | двери с кратчайших [18] EP
  автор: контроль: угольник ставят только после ниппеля ходов 36 | сост  1426 | скрытых 7.0 % | обезьяна 0.000 % | глубина 0 | двери с кратчайших [] 
  автор: контроль: муфта с самого начала на стояке ходов 26 | сост  1398 | скрытых 14.4 % | обезьяна 0.013 % | глубина 21 | двери с кратчайших [8] EP
  автор: контроль: ниппель не ловится машинкой ходов 36 | сост  2296 | скрытых 11.7 % | обезьяна 0.000 % | глубина 21 | двери с кратчайших [18] EP
  автор: контроль: угольник не прикручивается к отводу шахты ходов 36 | сост  2126 | скрытых 0.0 % | обезьяна 0.001 % | глубина 0 | двери с кратчайших [] 
  свой: угольник нельзя уронить вниз мимо машинки ходов 36 | сост  2296 | скрытых 11.7 % | обезьяна 0.000 % | глубина 21 | двери с кратчайших [18] EP
  свой: ниппель не ловится машинкой (сито выключено для ниппеля) ходов 36 | сост  2296 | скрытых 11.7 % | обезьяна 0.000 % | глубина 21 | двери с кратчайших [18] EP
  свой: без обеих ловушек маршрута ходов 36 | сост  2296 | скрытых 11.7 % | обезьяна 0.000 % | глубина 21 | двери с кратчайших [18] EP
  свой: угольник не прикручивается к выходу трубы ходов 36 | сост  2126 | скрытых 0.0 % | обезьяна 0.001 % | глубина 0 | двери с кратчайших [] 
  свой: ошибка порядка в шахте запрещена ходов 36 | сост  2296 | скрытых 11.7 % | обезьяна 0.000 % | глубина 21 | двери с кратчайших [18] EP
