build/l4e/t16.lua POCKET=3: ходов 23 | состояний 9539 | живых 1948 видимых 5676 скрытых 1915 | СКРЫТЫХ 49.6 % | обезьяна 0.144 % | глубина 18 [9:18]
  EP угольник прикручен к выходу трубы шахты (порт занят)   354  18.5 % |     0/  354/  372 |   0 /  0 / -
  NW ниппель пойман машинкой (сито)      419  21.9 % |     0/  419/ 1675 |  14 /  0 / -
  EF угольник свободен внизу (упал мимо спуска)   901  47.0 % |     0/  901/ 1349 |  24 /  3 / 9
  ED угольник свободен наверху в клетке, где он никогда не жив   241  12.6 % |     0/  241/    0 |   0 /  0 / -
  автор (линейка + visibleLoss)       49.6 % (скр 1915, жив 1948) | 0.144 % | 18 [9:18] | путь: 9 | все кратчайшие: 9,10
  + EP видим (порт занят)           44.5 % (скр 1561, жив 1948) | 0.144 % | 15 [9:15] | путь: 9 | все кратчайшие: 9,10
  + EF видим (угольник внизу — нечем поднять)  34.2 % (скр 1014, жив 1948) | 0.229 % |  0 [] | путь: нет | все кратчайшие: нет
  + EP + EF                                       25.3 % (скр 660, жив 1948) | 0.229 % |  0 [] | путь: нет | все кратчайшие: нет
build/l4e/t16.lua POCKET=5: ходов 23 | состояний 9539 | живых 1948 видимых 6556 скрытых 1035 | СКРЫТЫХ 34.7 % | обезьяна 0.149 % | глубина 18 [9:18]
  EP угольник прикручен к выходу трубы шахты (порт занят)   354  34.2 % |     0/  354/  372 |   0 /  0 / -
  NW ниппель пойман машинкой (сито)       54   5.2 % |     0/   54/ 2040 |   8 /  0 / -
  EF угольник свободен внизу (упал мимо спуска)   386  37.3 % |     0/  386/ 1864 |  12 /  3 / 9
  ED угольник свободен наверху в клетке, где он никогда не жив   241  23.3 % |     0/  241/    0 |   0 /  0 / -
  автор (линейка + visibleLoss)       34.7 % (скр 1035, жив 1948) | 0.149 % | 18 [9:18] | путь: 9 | все кратчайшие: 9,10
  + EP видим (порт занят)           25.9 % (скр 681, жив 1948) | 0.149 % | 13 [9:13] | путь: 9 | все кратчайшие: 9,10
  + EF видим (угольник внизу — нечем поднять)  25.0 % (скр 649, жив 1948) | 0.234 % |  0 [] | путь: нет | все кратчайшие: нет
  + EP + EF                                       13.2 % (скр 295, жив 1948) | 0.234 % |  0 [] | путь: нет | все кратчайшие: нет
build/l4e/t16.lua POCKET=6: ходов 23 | состояний 9539 | живых 1948 видимых 6762 скрытых 829 | СКРЫТЫХ 29.9 % | обезьяна 0.149 % | глубина 13 [9:13]
  EP угольник прикручен к выходу трубы шахты (порт занят)   354  42.7 % |     0/  354/  372 |   0 /  0 / -
  NW ниппель пойман машинкой (сито)       48   5.8 % |     0/   48/ 2046 |   8 /  0 / -
  EF угольник свободен внизу (упал мимо спуска)   186  22.4 % |     0/  186/ 2064 |  12 /  3 / 9
  ED угольник свободен наверху в клетке, где он никогда не жив   241  29.1 % |     0/  241/    0 |   0 /  0 / -
  автор (линейка + visibleLoss)       29.9 % (скр 829, жив 1948) | 0.149 % | 13 [9:13] | путь: 9 | все кратчайшие: 9,10
  + EP видим (порт занят)           19.6 % (скр 475, жив 1948) | 0.149 % | 13 [9:13] | путь: 9 | все кратчайшие: 9,10
  + EF видим (угольник внизу — нечем поднять)  24.8 % (скр 643, жив 1948) | 0.234 % |  0 [] | путь: нет | все кратчайшие: нет
  + EP + EF                                       12.9 % (скр 289, жив 1948) | 0.234 % |  0 [] | путь: нет | все кратчайшие: нет
build/l4e/t16.lua POCKET=8: ходов 23 | состояний 9539 | живых 1948 видимых 6987 скрытых 604 | СКРЫТЫХ 23.7 % | обезьяна 0.151 % | глубина 13 [9:13]
  EP угольник прикручен к выходу трубы шахты (порт занят)   354  58.6 % |     0/  354/  372 |   0 /  0 / -
  NW ниппель пойман машинкой (сито)        0   0.0 % |     0/    0/ 2094 |   0 /  0 / -
  EF угольник свободен внизу (упал мимо спуска)   144  23.8 % |     0/  144/ 2106 |  12 /  3 / 9
  ED угольник свободен наверху в клетке, где он никогда не жив   106  17.5 % |     0/  106/  135 |   0 /  0 / -
  автор (линейка + visibleLoss)       23.7 % (скр 604, жив 1948) | 0.151 % | 13 [9:13] | путь: 9 | все кратчайшие: 9,10
  + EP видим (порт занят)           11.4 % (скр 250, жив 1948) | 0.151 % | 13 [9:13] | путь: 9 | все кратчайшие: 9,10
  + EF видим (угольник внизу — нечем поднять)  19.1 % (скр 460, жив 1948) | 0.237 % |  0 [] | путь: нет | все кратчайшие: нет
  + EP + EF                                        5.2 % (скр 106, жив 1948) | 0.237 % |  0 [] | путь: нет | все кратчайшие: нет
build/l4e/t6w.lua POCKET=3: ходов 36 | состояний 2296 | живых 1286 видимых 840 скрытых 170 | СКРЫТЫХ 11.7 % | обезьяна 0.000 % | глубина 21 [18:21]
build/l4e/t6w.lua POCKET=5: ходов 36 | состояний 2296 | живых 1286 видимых 840 скрытых 170 | СКРЫТЫХ 11.7 % | обезьяна 0.000 % | глубина 21 [18:21]
build/l4e/t6w.lua POCKET=6: ходов 36 | состояний 2296 | живых 1286 видимых 840 скрытых 170 | СКРЫТЫХ 11.7 % | обезьяна 0.000 % | глубина 21 [18:21]
