== t16
исходный: ходов 23 сост 9539 кратч 66 шир 7 абл ннннн | автор 41.5% гл18 дв[9,10]EF | EP видим 34.6% гл13 дв[9,10]EF
стена (7,3): НЕРЕШАЕМ (сост 655)
стена (5,4): НЕРЕШАЕМ (сост 139)
стена (7,4): НЕРЕШАЕМ (сост 1167)
стена (3,5): НЕРЕШАЕМ (сост 6161)
стена (4,5): НЕРЕШАЕМ (сост 3408)
стена (5,5): НЕРЕШАЕМ (сост 172)
стена (6,5): НЕРЕШАЕМ (сост 703)
стена (7,5): НЕРЕШАЕМ (сост 1583)
стена (2,6): НЕРЕШАЕМ (сост 4669)
стена (3,6): НЕРЕШАЕМ (сост 1691)
стена (6,6): НЕРЕШАЕМ (сост 1650)
стена (2,7): НЕРЕШАЕМ (сост 7932)
== t6w
исходный: ходов 36 сост 2296 кратч 4 шир 2 абл ннннн | автор 11.7% гл21 дв[18]EP | EP видим 0.0% гл0 дв[]
стена (3,3): НЕРЕШАЕМ (сост 116)
стена (7,3): НЕРЕШАЕМ (сост 114)
стена (3,4): НЕРЕШАЕМ (сост 222)
стена (7,4): НЕРЕШАЕМ (сост 222)
стена (3,5): НЕРЕШАЕМ (сост 240)
стена (4,5): НЕРЕШАЕМ (сост 1006)
стена (5,5): НЕРЕШАЕМ (сост 288)
стена (6,5): НЕРЕШАЕМ (сост 388)
стена (7,5): НЕРЕШАЕМ (сост 318)
стена (2,6): НЕРЕШАЕМ (сост 810)
стена (3,6): НЕРЕШАЕМ (сост 464)
стена (2,7): НЕРЕШАЕМ (сост 1686)
муфта в (5,5) с начала: ок
  ходов 23 сост 9539
  + стена (5,3): НЕРЕШАЕМ
